## Footprint report - date 2026-08-30T20:24:01
## Printed by KiCad version 10.0.3
## Unit = mm, Angle = deg.

$BeginDESCRIPTION

$BOARD
upper_left_corner 104.184457 44.429461
$EndBOARD

$MODULE G***
reference G***
value LOGO
footprint LOGO
attribut virtual
position 191.759854 77.547611  orientation -30.00
layer front
$EndMODULE G***

$MODULE G***
reference G***
value LOGO
footprint LOGO
attribut virtual
position 197.154800 86.167732  orientation 0.00
layer front
$EndMODULE G***

$MODULE G***
reference G***
value LOGO
footprint LOGO
attribut virtual
position 147.629219 121.710478  orientation 0.00
layer front
$EndMODULE G***

$MODULE G***
reference G***
value LOGO
footprint LOGO
attribut virtual
position 190.681794 94.089252  orientation 180.00
layer back
$EndMODULE G***

$MODULE G***
reference G***
value LOGO
footprint LOGO
attribut virtual
position 119.246199 95.142806  orientation 180.00
layer back
$EndMODULE G***

$MODULE G***
reference G***
value LOGO
footprint LOGO
attribut virtual
position 185.623200 61.214000  orientation 180.00
layer back
$EndMODULE G***

$MODULE G***
reference G***
value LOGO
footprint LOGO
attribut virtual
position 193.114700 56.922940  orientation 0.00
layer front
$EndMODULE G***

$MODULE G***
reference G***
value LOGO
footprint LOGO
attribut virtual
position 119.684800 67.919600  orientation 180.00
layer back
$EndMODULE G***

$MODULE G***
reference G***
value LOGO
footprint LOGO
attribut virtual
position 201.218800 76.657200  orientation 0.00
layer front
$EndMODULE G***

$MODULE G***
reference G***
value LOGO
footprint LOGO
attribut virtual
position 187.706000 65.938400  orientation 0.00
layer front
$EndMODULE G***

$MODULE SW1
reference SW1
value SW_Push_45deg
footprint Button_Switch_Keyboard:SW_Cherry_MX_1.00u_PCB
attribut none
position 119.786400 56.134000  orientation 0.00
layer front
$PAD ""
Shape Circle Layer both
position -7.620000  5.080000 size  1.700000  1.700000 orientation 0.00
drill  1.700000
shape_offset  0.000000  0.000000
$EndPAD
$PAD ""
Shape Circle Layer both
position -2.540000  5.080000 size  4.000000  4.000000 orientation 0.00
drill  4.000000
shape_offset  0.000000  0.000000
$EndPAD
$PAD ""
Shape Circle Layer both
position  2.540000  5.080000 size  1.700000  1.700000 orientation 0.00
drill  1.700000
shape_offset  0.000000  0.000000
$EndPAD
$PAD "1"
Shape Circle Layer both
position  0.000000  0.000000 size  2.200000  2.200000 orientation 0.00
drill  1.500000
shape_offset  0.000000  0.000000
$EndPAD
$PAD "2"
Shape Circle Layer both
position -6.350000  2.540000 size  2.200000  2.200000 orientation 0.00
drill  1.500000
shape_offset  0.000000  0.000000
$EndPAD
$EndMODULE SW1

$MODULE SW2
reference SW2
value SW_Push_45deg
footprint Button_Switch_Keyboard:SW_Cherry_MX_1.00u_PCB
attribut none
position 119.837200 75.184000  orientation 0.00
layer front
$PAD ""
Shape Circle Layer both
position -7.620000  5.080000 size  1.700000  1.700000 orientation 0.00
drill  1.700000
shape_offset  0.000000  0.000000
$EndPAD
$PAD ""
Shape Circle Layer both
position -2.540000  5.080000 size  4.000000  4.000000 orientation 0.00
drill  4.000000
shape_offset  0.000000  0.000000
$EndPAD
$PAD ""
Shape Circle Layer both
position  2.540000  5.080000 size  1.700000  1.700000 orientation 0.00
drill  1.700000
shape_offset  0.000000  0.000000
$EndPAD
$PAD "1"
Shape Circle Layer both
position  0.000000  0.000000 size  2.200000  2.200000 orientation 0.00
drill  1.500000
shape_offset  0.000000  0.000000
$EndPAD
$PAD "2"
Shape Circle Layer both
position -6.350000  2.540000 size  2.200000  2.200000 orientation 0.00
drill  1.500000
shape_offset  0.000000  0.000000
$EndPAD
$EndMODULE SW2

$MODULE SW3
reference SW3
value SW_Push_45deg
footprint Button_Switch_Keyboard:SW_Cherry_MX_1.00u_PCB
attribut none
position 119.786400 94.284800  orientation 0.00
layer front
$PAD ""
Shape Circle Layer both
position -7.620000  5.080000 size  1.700000  1.700000 orientation 0.00
drill  1.700000
shape_offset  0.000000  0.000000
$EndPAD
$PAD ""
Shape Circle Layer both
position -2.540000  5.080000 size  4.000000  4.000000 orientation 0.00
drill  4.000000
shape_offset  0.000000  0.000000
$EndPAD
$PAD ""
Shape Circle Layer both
position  2.540000  5.080000 size  1.700000  1.700000 orientation 0.00
drill  1.700000
shape_offset  0.000000  0.000000
$EndPAD
$PAD "1"
Shape Circle Layer both
position  0.000000  0.000000 size  2.200000  2.200000 orientation 0.00
drill  1.500000
shape_offset  0.000000  0.000000
$EndPAD
$PAD "2"
Shape Circle Layer both
position -6.350000  2.540000 size  2.200000  2.200000 orientation 0.00
drill  1.500000
shape_offset  0.000000  0.000000
$EndPAD
$EndMODULE SW3

$MODULE SW4
reference SW4
value SW_Push_45deg
footprint Button_Switch_Keyboard:SW_Cherry_MX_1.00u_PCB
attribut none
position 138.882400 56.134000  orientation 0.00
layer front
$PAD ""
Shape Circle Layer both
position -7.620000  5.080000 size  1.700000  1.700000 orientation 0.00
drill  1.700000
shape_offset  0.000000  0.000000
$EndPAD
$PAD ""
Shape Circle Layer both
position -2.540000  5.080000 size  4.000000  4.000000 orientation 0.00
drill  4.000000
shape_offset  0.000000  0.000000
$EndPAD
$PAD ""
Shape Circle Layer both
position  2.540000  5.080000 size  1.700000  1.700000 orientation 0.00
drill  1.700000
shape_offset  0.000000  0.000000
$EndPAD
$PAD "1"
Shape Circle Layer both
position  0.000000  0.000000 size  2.200000  2.200000 orientation 0.00
drill  1.500000
shape_offset  0.000000  0.000000
$EndPAD
$PAD "2"
Shape Circle Layer both
position -6.350000  2.540000 size  2.200000  2.200000 orientation 0.00
drill  1.500000
shape_offset  0.000000  0.000000
$EndPAD
$EndMODULE SW4

$MODULE SW5
reference SW5
value SW_Push_45deg
footprint Button_Switch_Keyboard:SW_Cherry_MX_1.00u_PCB
attribut none
position 138.975000 75.221000  orientation 0.00
layer front
$PAD ""
Shape Circle Layer both
position -7.620000  5.080000 size  1.700000  1.700000 orientation 0.00
drill  1.700000
shape_offset  0.000000  0.000000
$EndPAD
$PAD ""
Shape Circle Layer both
position -2.540000  5.080000 size  4.000000  4.000000 orientation 0.00
drill  4.000000
shape_offset  0.000000  0.000000
$EndPAD
$PAD ""
Shape Circle Layer both
position  2.540000  5.080000 size  1.700000  1.700000 orientation 0.00
drill  1.700000
shape_offset  0.000000  0.000000
$EndPAD
$PAD "1"
Shape Circle Layer both
position  0.000000  0.000000 size  2.200000  2.200000 orientation 0.00
drill  1.500000
shape_offset  0.000000  0.000000
$EndPAD
$PAD "2"
Shape Circle Layer both
position -6.350000  2.540000 size  2.200000  2.200000 orientation 0.00
drill  1.500000
shape_offset  0.000000  0.000000
$EndPAD
$EndMODULE SW5

$MODULE SW6
reference SW6
value SW_Push_45deg
footprint Button_Switch_Keyboard:SW_Cherry_MX_1.00u_PCB
attribut none
position 138.836400 94.284800  orientation 0.00
layer front
$PAD ""
Shape Circle Layer both
position -7.620000  5.080000 size  1.700000  1.700000 orientation 0.00
drill  1.700000
shape_offset  0.000000  0.000000
$EndPAD
$PAD ""
Shape Circle Layer both
position -2.540000  5.080000 size  4.000000  4.000000 orientation 0.00
drill  4.000000
shape_offset  0.000000  0.000000
$EndPAD
$PAD ""
Shape Circle Layer both
position  2.540000  5.080000 size  1.700000  1.700000 orientation 0.00
drill  1.700000
shape_offset  0.000000  0.000000
$EndPAD
$PAD "1"
Shape Circle Layer both
position  0.000000  0.000000 size  2.200000  2.200000 orientation 0.00
drill  1.500000
shape_offset  0.000000  0.000000
$EndPAD
$PAD "2"
Shape Circle Layer both
position -6.350000  2.540000 size  2.200000  2.200000 orientation 0.00
drill  1.500000
shape_offset  0.000000  0.000000
$EndPAD
$EndMODULE SW6

$MODULE SW7
reference SW7
value SW_Push_45deg
footprint Button_Switch_Keyboard:SW_Cherry_MX_1.00u_PCB
attribut none
position 157.937200 56.083200  orientation 0.00
layer front
$PAD ""
Shape Circle Layer both
position -7.620000  5.080000 size  1.700000  1.700000 orientation 0.00
drill  1.700000
shape_offset  0.000000  0.000000
$EndPAD
$PAD ""
Shape Circle Layer both
position -2.540000  5.080000 size  4.000000  4.000000 orientation 0.00
drill  4.000000
shape_offset  0.000000  0.000000
$EndPAD
$PAD ""
Shape Circle Layer both
position  2.540000  5.080000 size  1.700000  1.700000 orientation 0.00
drill  1.700000
shape_offset  0.000000  0.000000
$EndPAD
$PAD "1"
Shape Circle Layer both
position  0.000000  0.000000 size  2.200000  2.200000 orientation 0.00
drill  1.500000
shape_offset  0.000000  0.000000
$EndPAD
$PAD "2"
Shape Circle Layer both
position -6.350000  2.540000 size  2.200000  2.200000 orientation 0.00
drill  1.500000
shape_offset  0.000000  0.000000
$EndPAD
$EndMODULE SW7

$MODULE SW8
reference SW8
value SW_Push_45deg
footprint Button_Switch_Keyboard:SW_Cherry_MX_1.00u_PCB
attribut none
position 157.988000 75.234800  orientation 0.00
layer front
$PAD ""
Shape Circle Layer both
position -7.620000  5.080000 size  1.700000  1.700000 orientation 0.00
drill  1.700000
shape_offset  0.000000  0.000000
$EndPAD
$PAD ""
Shape Circle Layer both
position -2.540000  5.080000 size  4.000000  4.000000 orientation 0.00
drill  4.000000
shape_offset  0.000000  0.000000
$EndPAD
$PAD ""
Shape Circle Layer both
position  2.540000  5.080000 size  1.700000  1.700000 orientation 0.00
drill  1.700000
shape_offset  0.000000  0.000000
$EndPAD
$PAD "1"
Shape Circle Layer both
position  0.000000  0.000000 size  2.200000  2.200000 orientation 0.00
drill  1.500000
shape_offset  0.000000  0.000000
$EndPAD
$PAD "2"
Shape Circle Layer both
position -6.350000  2.540000 size  2.200000  2.200000 orientation 0.00
drill  1.500000
shape_offset  0.000000  0.000000
$EndPAD
$EndMODULE SW8

$MODULE SW9
reference SW9
value SW_Push_45deg
footprint Button_Switch_Keyboard:SW_Cherry_MX_1.00u_PCB
attribut none
position 157.988000 94.284800  orientation 0.00
layer front
$PAD ""
Shape Circle Layer both
position -7.620000  5.080000 size  1.700000  1.700000 orientation 0.00
drill  1.700000
shape_offset  0.000000  0.000000
$EndPAD
$PAD ""
Shape Circle Layer both
position -2.540000  5.080000 size  4.000000  4.000000 orientation 0.00
drill  4.000000
shape_offset  0.000000  0.000000
$EndPAD
$PAD ""
Shape Circle Layer both
position  2.540000  5.080000 size  1.700000  1.700000 orientation 0.00
drill  1.700000
shape_offset  0.000000  0.000000
$EndPAD
$PAD "1"
Shape Circle Layer both
position  0.000000  0.000000 size  2.200000  2.200000 orientation 0.00
drill  1.500000
shape_offset  0.000000  0.000000
$EndPAD
$PAD "2"
Shape Circle Layer both
position -6.350000  2.540000 size  2.200000  2.200000 orientation 0.00
drill  1.500000
shape_offset  0.000000  0.000000
$EndPAD
$EndMODULE SW9

$MODULE SW10
reference SW10
value SW_Push_45deg
footprint Button_Switch_Keyboard:SW_Cherry_MX_1.00u_PCB
attribut none
position 177.038000 56.083200  orientation 0.00
layer front
$PAD ""
Shape Circle Layer both
position -7.620000  5.080000 size  1.700000  1.700000 orientation 0.00
drill  1.700000
shape_offset  0.000000  0.000000
$EndPAD
$PAD ""
Shape Circle Layer both
position -2.540000  5.080000 size  4.000000  4.000000 orientation 0.00
drill  4.000000
shape_offset  0.000000  0.000000
$EndPAD
$PAD ""
Shape Circle Layer both
position  2.540000  5.080000 size  1.700000  1.700000 orientation 0.00
drill  1.700000
shape_offset  0.000000  0.000000
$EndPAD
$PAD "1"
Shape Circle Layer both
position  0.000000  0.000000 size  2.200000  2.200000 orientation 0.00
drill  1.500000
shape_offset  0.000000  0.000000
$EndPAD
$PAD "2"
Shape Circle Layer both
position -6.350000  2.540000 size  2.200000  2.200000 orientation 0.00
drill  1.500000
shape_offset  0.000000  0.000000
$EndPAD
$EndMODULE SW10

$MODULE SW11
reference SW11
value SW_Push_45deg
footprint Button_Switch_Keyboard:SW_Cherry_MX_1.00u_PCB
attribut none
position 177.190400 75.184000  orientation 0.00
layer front
$PAD ""
Shape Circle Layer both
position -7.620000  5.080000 size  1.700000  1.700000 orientation 0.00
drill  1.700000
shape_offset  0.000000  0.000000
$EndPAD
$PAD ""
Shape Circle Layer both
position -2.540000  5.080000 size  4.000000  4.000000 orientation 0.00
drill  4.000000
shape_offset  0.000000  0.000000
$EndPAD
$PAD ""
Shape Circle Layer both
position  2.540000  5.080000 size  1.700000  1.700000 orientation 0.00
drill  1.700000
shape_offset  0.000000  0.000000
$EndPAD
$PAD "1"
Shape Circle Layer both
position  0.000000  0.000000 size  2.200000  2.200000 orientation 0.00
drill  1.500000
shape_offset  0.000000  0.000000
$EndPAD
$PAD "2"
Shape Circle Layer both
position -6.350000  2.540000 size  2.200000  2.200000 orientation 0.00
drill  1.500000
shape_offset  0.000000  0.000000
$EndPAD
$EndMODULE SW11

$MODULE SW12
reference SW12
value SW_Push_45deg
footprint Button_Switch_Keyboard:SW_Cherry_MX_1.00u_PCB
attribut none
position 177.241200 94.386400  orientation 0.00
layer front
$PAD ""
Shape Circle Layer both
position -7.620000  5.080000 size  1.700000  1.700000 orientation 0.00
drill  1.700000
shape_offset  0.000000  0.000000
$EndPAD
$PAD ""
Shape Circle Layer both
position -2.540000  5.080000 size  4.000000  4.000000 orientation 0.00
drill  4.000000
shape_offset  0.000000  0.000000
$EndPAD
$PAD ""
Shape Circle Layer both
position  2.540000  5.080000 size  1.700000  1.700000 orientation 0.00
drill  1.700000
shape_offset  0.000000  0.000000
$EndPAD
$PAD "1"
Shape Circle Layer both
position  0.000000  0.000000 size  2.200000  2.200000 orientation 0.00
drill  1.500000
shape_offset  0.000000  0.000000
$EndPAD
$PAD "2"
Shape Circle Layer both
position -6.350000  2.540000 size  2.200000  2.200000 orientation 0.00
drill  1.500000
shape_offset  0.000000  0.000000
$EndPAD
$EndMODULE SW12

$MODULE SW13
reference SW13
value RotaryEncoder_Switch
footprint Rotary_Encoder:RotaryEncoder_Alps_EC11E-Switch_Vertical_H20mm
attribut none
position 186.708400 96.876800  orientation 0.00
layer front
$PAD "A"
Shape Rect Layer both
position  0.000000  0.000000 size  2.000000  2.000000 orientation 0.00
drill  1.000000
shape_offset  0.000000  0.000000
$EndPAD
$PAD "B"
Shape Circle Layer both
position  0.000000  5.000000 size  2.000000  2.000000 orientation 0.00
drill  1.000000
shape_offset  0.000000  0.000000
$EndPAD
$PAD "C"
Shape Circle Layer both
position  0.000000  2.500000 size  2.000000  2.000000 orientation 0.00
drill  1.000000
shape_offset  0.000000  0.000000
$EndPAD
$PAD "MP"
Shape Rect Layer both
position  7.500000 -3.100000 size  3.200000  2.000000 orientation 0.00
drill  2.800000
shape_offset  0.000000  0.000000
$EndPAD
$PAD "MP"
Shape Rect Layer both
position  7.500000  8.100000 size  3.200000  2.000000 orientation 0.00
drill  2.800000
shape_offset  0.000000  0.000000
$EndPAD
$PAD "S1"
Shape Circle Layer both
position 14.500000  5.000000 size  2.000000  2.000000 orientation 0.00
drill  1.000000
shape_offset  0.000000  0.000000
$EndPAD
$PAD "S2"
Shape Circle Layer both
position 14.500000  0.000000 size  2.000000  2.000000 orientation 0.00
drill  1.000000
shape_offset  0.000000  0.000000
$EndPAD
$EndMODULE SW13

$MODULE U1
reference U1
value MOUDLE-SEEEDUINO-XIAO
footprint RF_Module:MCU_Seeed_ESP32C3
attribut smd
position 193.040000 61.858400  orientation 180.00
layer back
$PAD ""
Shape Roundrect Layer nocopper
position  1.100000 -1.600000 size  1.500000  1.500000 orientation 180.00
drill  0.000000
shape_offset  0.000000  0.000000
$EndPAD
$PAD ""
Shape Roundrect Layer nocopper
position  1.100000  0.400000 size  1.500000  1.500000 orientation 180.00
drill  0.000000
shape_offset  0.000000  0.000000
$EndPAD
$PAD ""
Shape Roundrect Layer nocopper
position  3.100000 -1.600000 size  1.500000  1.500000 orientation 180.00
drill  0.000000
shape_offset  0.000000  0.000000
$EndPAD
$PAD ""
Shape Roundrect Layer nocopper
position  3.100000  0.400000 size  1.500000  1.500000 orientation 180.00
drill  0.000000
shape_offset  0.000000  0.000000
$EndPAD
$PAD "1"
Shape Roundrect Layer back
position -8.500000  7.620000 size  3.000000  2.000000 orientation 180.00
drill  0.000000
shape_offset  0.000000  0.000000
$EndPAD
$PAD "2"
Shape Roundrect Layer back
position -8.500000  5.080000 size  3.000000  2.000000 orientation 180.00
drill  0.000000
shape_offset  0.000000  0.000000
$EndPAD
$PAD "3"
Shape Roundrect Layer back
position -8.500000  2.540000 size  3.000000  2.000000 orientation 180.00
drill  0.000000
shape_offset  0.000000  0.000000
$EndPAD
$PAD "4"
Shape Roundrect Layer back
position -8.500000  0.000000 size  3.000000  2.000000 orientation 180.00
drill  0.000000
shape_offset  0.000000  0.000000
$EndPAD
$PAD "5"
Shape Roundrect Layer back
position -8.500000 -2.540000 size  3.000000  2.000000 orientation 180.00
drill  0.000000
shape_offset  0.000000  0.000000
$EndPAD
$PAD "6"
Shape Roundrect Layer back
position -8.500000 -5.080000 size  3.000000  2.000000 orientation 180.00
drill  0.000000
shape_offset  0.000000  0.000000
$EndPAD
$PAD "7"
Shape Roundrect Layer back
position -8.500000 -7.620000 size  3.000000  2.000000 orientation 180.00
drill  0.000000
shape_offset  0.000000  0.000000
$EndPAD
$PAD "8"
Shape Roundrect Layer back
position  8.500000 -7.620000 size  3.000000  2.000000 orientation 180.00
drill  0.000000
shape_offset  0.000000  0.000000
$EndPAD
$PAD "9"
Shape Roundrect Layer back
position  8.500000 -5.080000 size  3.000000  2.000000 orientation 180.00
drill  0.000000
shape_offset  0.000000  0.000000
$EndPAD
$PAD "10"
Shape Roundrect Layer back
position  8.500000 -2.540000 size  3.000000  2.000000 orientation 180.00
drill  0.000000
shape_offset  0.000000  0.000000
$EndPAD
$PAD "11"
Shape Roundrect Layer back
position  8.500000  0.000000 size  3.000000  2.000000 orientation 180.00
drill  0.000000
shape_offset  0.000000  0.000000
$EndPAD
$PAD "12"
Shape Roundrect Layer back
position  8.500000  2.540000 size  3.000000  2.000000 orientation 180.00
drill  0.000000
shape_offset  0.000000  0.000000
$EndPAD
$PAD "13"
Shape Roundrect Layer back
position  8.500000  5.080000 size  3.000000  2.000000 orientation 180.00
drill  0.000000
shape_offset  0.000000  0.000000
$EndPAD
$PAD "14"
Shape Roundrect Layer back
position  8.500000  7.620000 size  3.000000  2.000000 orientation 180.00
drill  0.000000
shape_offset  0.000000  0.000000
$EndPAD
$PAD "15"
Shape Roundrect Layer back
position  2.100000 -0.600000 size  3.500000  3.500000 orientation 180.00
drill  0.000000
shape_offset  0.000000  0.000000
$EndPAD
$PAD "16"
Shape Roundrect Layer back
position -4.500000  0.400000 size  2.300000  1.300000 orientation 180.00
drill  0.000000
shape_offset  0.000000  0.000000
$EndPAD
$PAD "17"
Shape Roundrect Layer back
position -4.500000  2.300000 size  2.300000  1.300000 orientation 180.00
drill  0.000000
shape_offset  0.000000  0.000000
$EndPAD
$PAD "18"
Shape Circle Layer back
position -1.270000  8.620000 size  1.300000  1.300000 orientation 180.00
drill  0.000000
shape_offset  0.000000  0.000000
$EndPAD
$PAD "19"
Shape Circle Layer back
position -1.270000  6.040000 size  1.300000  1.300000 orientation 180.00
drill  0.000000
shape_offset  0.000000  0.000000
$EndPAD
$PAD "20"
Shape Circle Layer back
position -1.270000  3.500000 size  1.300000  1.300000 orientation 180.00
drill  0.000000
shape_offset  0.000000  0.000000
$EndPAD
$PAD "21"
Shape Circle Layer back
position  1.270000  3.500000 size  1.300000  1.300000 orientation 180.00
drill  0.000000
shape_offset  0.000000  0.000000
$EndPAD
$PAD "22"
Shape Circle Layer back
position  1.270000  6.040000 size  1.300000  1.300000 orientation 180.00
drill  0.000000
shape_offset  0.000000  0.000000
$EndPAD
$PAD "23"
Shape Circle Layer back
position  1.270000  8.620000 size  1.300000  1.300000 orientation 180.00
drill  0.000000
shape_offset  0.000000  0.000000
$EndPAD
$EndMODULE U1

$EndDESCRIPTION
